{"error":{"clientVersion":"7.8.0","code":"P6001","meta":{"modelName":"organizations"},"name":"PrismaClientKnownRequestError"},"level":"error","message":"Failed to create organization","slug":"test-org-1780218506329","timestamp":"2026-05-31 12:08:26"}
{"error":{"clientVersion":"7.8.0","code":"P6001","meta":{"modelName":"organizations"},"name":"PrismaClientKnownRequestError"},"level":"error","message":"Failed to create organization","slug":"duplicate-slug-mptk4ur7","timestamp":"2026-05-31 12:08:26"}
{"error":{"clientVersion":"7.8.0","code":"P6001","meta":{"modelName":"organizations"},"name":"PrismaClientKnownRequestError"},"level":"error","message":"Failed to create organization","slug":"duplicate-slug-mptk4ur7","timestamp":"2026-05-31 12:08:26"}
{"error":{"clientVersion":"7.8.0","code":"P6001","meta":{"modelName":"organizations"},"name":"PrismaClientKnownRequestError"},"level":"error","message":"Failed to retrieve organizations","timestamp":"2026-05-31 12:08:26"}
{"error":{"clientVersion":"7.8.0","code":"P6001","meta":{"modelName":"sites"},"name":"PrismaClientKnownRequestError"},"level":"error","message":"Failed to create site","slug":"test-site-1780218506650","timestamp":"2026-05-31 12:08:26"}
{"error":{"clientVersion":"7.8.0","code":"P6001","meta":{"modelName":"sites"},"name":"PrismaClientKnownRequestError"},"level":"error","message":"Failed to create site","slug":"delete-1780218506716","timestamp":"2026-05-31 12:08:26"}
{"error":{"clientVersion":"7.8.0","code":"P6001","meta":{"modelName":"organizations"},"name":"PrismaClientKnownRequestError"},"level":"error","message":"Failed to create organization","slug":"test-org-1780218779391","timestamp":"2026-05-31 12:12:59"}
{"error":{"clientVersion":"7.8.0","code":"P6001","meta":{"modelName":"organizations"},"name":"PrismaClientKnownRequestError"},"level":"error","message":"Failed to create organization","slug":"duplicate-slug-mptkapg3","timestamp":"2026-05-31 12:12:59"}
{"error":{"clientVersion":"7.8.0","code":"P6001","meta":{"modelName":"organizations"},"name":"PrismaClientKnownRequestError"},"level":"error","message":"Failed to create organization","slug":"duplicate-slug-mptkapg3","timestamp":"2026-05-31 12:12:59"}
{"error":{"clientVersion":"7.8.0","code":"P6001","meta":{"modelName":"organizations"},"name":"PrismaClientKnownRequestError"},"level":"error","message":"Failed to retrieve organizations","timestamp":"2026-05-31 12:12:59"}
{"error":{"clientVersion":"7.8.0","code":"P6001","meta":{"modelName":"sites"},"name":"PrismaClientKnownRequestError"},"level":"error","message":"Failed to create site","slug":"test-site-1780218779624","timestamp":"2026-05-31 12:12:59"}
{"error":{"clientVersion":"7.8.0","code":"P6001","meta":{"modelName":"sites"},"name":"PrismaClientKnownRequestError"},"level":"error","message":"Failed to create site","slug":"delete-1780218779691","timestamp":"2026-05-31 12:12:59"}
{"error":{"clientVersion":"7.8.0","code":"P6001","meta":{"modelName":"organizations"},"name":"PrismaClientKnownRequestError"},"level":"error","message":"Failed to create organization","slug":"test-org-1780218865770","timestamp":"2026-05-31 12:14:25"}
{"error":{"clientVersion":"7.8.0","code":"P6001","meta":{"modelName":"organizations"},"name":"PrismaClientKnownRequestError"},"level":"error","message":"Failed to create organization","slug":"duplicate-slug-mptkck3h","timestamp":"2026-05-31 12:14:25"}
{"error":{"clientVersion":"7.8.0","code":"P6001","meta":{"modelName":"organizations"},"name":"PrismaClientKnownRequestError"},"level":"error","message":"Failed to create organization","slug":"duplicate-slug-mptkck3h","timestamp":"2026-05-31 12:14:25"}
{"error":{"clientVersion":"7.8.0","code":"P6001","meta":{"modelName":"organizations"},"name":"PrismaClientKnownRequestError"},"level":"error","message":"Failed to retrieve organizations","timestamp":"2026-05-31 12:14:25"}
{"error":{"clientVersion":"7.8.0","code":"P6001","meta":{"modelName":"sites"},"name":"PrismaClientKnownRequestError"},"level":"error","message":"Failed to create site","slug":"test-site-1780218865999","timestamp":"2026-05-31 12:14:26"}
{"error":{"clientVersion":"7.8.0","code":"P6001","meta":{"modelName":"sites"},"name":"PrismaClientKnownRequestError"},"level":"error","message":"Failed to create site","slug":"delete-1780218866060","timestamp":"2026-05-31 12:14:26"}
{"error":{"clientVersion":"7.8.0","code":"P6001","meta":{"modelName":"organizations"},"name":"PrismaClientKnownRequestError"},"level":"error","message":"Failed to create organization","slug":"test-org-1780218896471","timestamp":"2026-05-31 12:14:56"}
{"error":{"clientVersion":"7.8.0","code":"P6001","meta":{"modelName":"organizations"},"name":"PrismaClientKnownRequestError"},"level":"error","message":"Failed to create organization","slug":"duplicate-slug-mptkd7sg","timestamp":"2026-05-31 12:14:56"}
{"error":{"clientVersion":"7.8.0","code":"P6001","meta":{"modelName":"organizations"},"name":"PrismaClientKnownRequestError"},"level":"error","message":"Failed to create organization","slug":"duplicate-slug-mptkd7sg","timestamp":"2026-05-31 12:14:56"}
{"error":{"clientVersion":"7.8.0","code":"P6001","meta":{"modelName":"organizations"},"name":"PrismaClientKnownRequestError"},"level":"error","message":"Failed to retrieve organizations","timestamp":"2026-05-31 12:14:56"}
{"error":{"clientVersion":"7.8.0","code":"P6001","meta":{"modelName":"sites"},"name":"PrismaClientKnownRequestError"},"level":"error","message":"Failed to create site","slug":"test-site-1780218896705","timestamp":"2026-05-31 12:14:56"}
{"error":{"clientVersion":"7.8.0","code":"P6001","meta":{"modelName":"sites"},"name":"PrismaClientKnownRequestError"},"level":"error","message":"Failed to create site","slug":"delete-1780218896769","timestamp":"2026-05-31 12:14:56"}
{"error":{"clientVersion":"7.8.0","code":"P6001","meta":{"modelName":"organizations"},"name":"PrismaClientKnownRequestError"},"level":"error","message":"Failed to create organization","slug":"test-org-1780218910723","timestamp":"2026-05-31 12:15:10"}
{"error":{"clientVersion":"7.8.0","code":"P6001","meta":{"modelName":"organizations"},"name":"PrismaClientKnownRequestError"},"level":"error","message":"Failed to create organization","slug":"test-org-1780218961683","timestamp":"2026-05-31 12:16:01"}
{"error":{"clientVersion":"7.8.0","code":"P6001","meta":{"modelName":"organizations"},"name":"PrismaClientKnownRequestError"},"level":"error","message":"Failed to create organization","slug":"test-org-1780219258677","timestamp":"2026-05-31 12:20:58"}
{"error":{"clientVersion":"7.8.0","code":"P6001","meta":{"modelName":"organizations"},"name":"PrismaClientKnownRequestError"},"level":"error","message":"Failed to create organization","slug":"test-org-1780219280566","timestamp":"2026-05-31 12:21:20"}
{"error":{"clientVersion":"7.8.0","code":"P6001","meta":{"modelName":"organizations"},"name":"PrismaClientKnownRequestError"},"level":"error","message":"Failed to create organization","slug":"test-org-1780219347827","timestamp":"2026-05-31 12:22:27"}
{"error":{"clientVersion":"7.8.0","code":"P6001","meta":{"modelName":"organizations"},"name":"PrismaClientKnownRequestError"},"level":"error","message":"Failed to create organization","slug":"test-org-1780219372532","timestamp":"2026-05-31 12:22:52"}
{"error":{"clientVersion":"7.8.0","code":"P6001","meta":{"modelName":"organizations"},"name":"PrismaClientKnownRequestError"},"level":"error","message":"Failed to create organization","slug":"duplicate-slug-mptknf42","timestamp":"2026-05-31 12:22:52"}
{"error":{"clientVersion":"7.8.0","code":"P6001","meta":{"modelName":"organizations"},"name":"PrismaClientKnownRequestError"},"level":"error","message":"Failed to create organization","slug":"duplicate-slug-mptknf42","timestamp":"2026-05-31 12:22:52"}
{"error":{"clientVersion":"7.8.0","code":"P6001","meta":{"modelName":"organizations"},"name":"PrismaClientKnownRequestError"},"level":"error","message":"Failed to retrieve organizations","timestamp":"2026-05-31 12:22:52"}
{"error":{"clientVersion":"7.8.0","code":"P6001","meta":{"modelName":"sites"},"name":"PrismaClientKnownRequestError"},"level":"error","message":"Failed to create site","slug":"test-site-1780219372747","timestamp":"2026-05-31 12:22:52"}
{"error":{"clientVersion":"7.8.0","code":"P6001","meta":{"modelName":"sites"},"name":"PrismaClientKnownRequestError"},"level":"error","message":"Failed to create site","slug":"delete-1780219372806","timestamp":"2026-05-31 12:22:52"}
{"entityType":"site","error":{"code":"42883","file":"parse_func.c","hint":"No function matches the given name and argument types. You might need to add explicit type casts.","length":254,"line":"629","name":"error","position":"8","routine":"ParseFuncOrColumn","severity":"ERROR"},"level":"error","message":"Failed to create invitation","orgId":"6ea8f96c-8e87-4601-99a0-0f606f7ac365","timestamp":"2026-05-31 13:48:09"}
{"entityType":"site","error":{"code":"42883","file":"parse_func.c","hint":"No function matches the given name and argument types. You might need to add explicit type casts.","length":254,"line":"629","name":"error","position":"8","routine":"ParseFuncOrColumn","severity":"ERROR"},"level":"error","message":"Failed to create invitation","orgId":"1aaad6f7-5339-4e5e-9628-4b5aa015b5d2","timestamp":"2026-05-31 13:50:31"}
{"entityType":"site","error":{"code":"42883","file":"parse_func.c","hint":"No function matches the given name and argument types. You might need to add explicit type casts.","length":254,"line":"629","name":"error","position":"8","routine":"ParseFuncOrColumn","severity":"ERROR"},"level":"error","message":"Failed to create invitation","orgId":"7440fcb4-acc5-4d4e-9aa4-0f0ec559324d","timestamp":"2026-05-31 13:52:14"}
{"entityType":"site","error":{"code":"42883","file":"parse_func.c","hint":"No function matches the given name and argument types. You might need to add explicit type casts.","length":254,"line":"629","name":"error","position":"8","routine":"ParseFuncOrColumn","severity":"ERROR"},"level":"error","message":"Failed to create invitation","orgId":"d9143b4d-e1bd-4450-addb-31598f5aaaf7","timestamp":"2026-05-31 14:08:08"}
